/Users/tobiasm1/git/verified-certified-robustness/scripts/cav2025-artifact-venv/lib/python3.9/site-packages/urllib3/__init__.py:35: NotOpenSSLWarning: urllib3 v2 only supports OpenSSL 1.1.1+, currently the 'ssl' module is compiled with 'LibreSSL 2.8.3'. See: https://github.com/urllib3/urllib3/issues/3020
  warnings.warn(
Loading HIGGS via tfds (canonical split: train=first 500000, test=last 500000 of 11000000); reading full stream (first run downloads/prepares ~2.6GB)...
HIGGS loaded: train (500000, 28), test (500000, 28); train positive-class fraction=0.5309; standardization saved to /Users/tobiasm1/git/verified-certified-robustness/scripts/higgs_standardization.npz
test data loaded: 500000 instances
higgs_w512_d5_s10 eps=0.02: acc=0.7063 vra=0.6897 rob=0.9673
higgs_w512_d5_s10 eps=0.05: acc=0.7063 vra=0.6648 rob=0.9190
higgs_w512_d5_s10 eps=0.08: acc=0.7063 vra=0.6386 rob=0.8705
higgs_w512_d5_s10 eps=0.09: acc=0.7063 vra=0.6299 rob=0.8546
higgs_w512_d5_s10 eps=0.095: acc=0.7063 vra=0.6254 rob=0.8465
higgs_w512_d5_s10 eps=0.1: acc=0.7063 vra=0.6209 rob=0.8384
higgs_w512_d5_s10 eps=0.105: acc=0.7063 vra=0.6162 rob=0.8302
higgs_w512_d5_s10 eps=0.11: acc=0.7063 vra=0.6117 rob=0.8222
higgs_w512_d5_s10 eps=0.115: acc=0.7063 vra=0.6071 rob=0.8143
higgs_w512_d5_s10 eps=0.12: acc=0.7063 vra=0.6025 rob=0.8062
higgs_w512_d5_s10 eps=0.13: acc=0.7063 vra=0.5932 rob=0.7901
higgs_w512_d5_s10 eps=0.15: acc=0.7063 vra=0.5741 rob=0.7579
higgs_w512_d5_s10 eps=0.175: acc=0.7063 vra=0.5500 rob=0.7179
higgs_w512_d5_s10 eps=0.2: acc=0.7063 vra=0.5254 rob=0.6782
higgs_w512_d5_s10 eps=0.25: acc=0.7063 vra=0.4750 rob=0.5990
higgs_w512_d5_s10 eps=0.3: acc=0.7063 vra=0.4228 rob=0.5219
higgs_w512_d5_s100 eps=0.02: acc=0.7065 vra=0.6902 rob=0.9676
higgs_w512_d5_s100 eps=0.05: acc=0.7065 vra=0.6647 rob=0.9188
higgs_w512_d5_s100 eps=0.08: acc=0.7065 vra=0.6386 rob=0.8702
higgs_w512_d5_s100 eps=0.09: acc=0.7065 vra=0.6298 rob=0.8541
higgs_w512_d5_s100 eps=0.095: acc=0.7065 vra=0.6254 rob=0.8461
higgs_w512_d5_s100 eps=0.1: acc=0.7065 vra=0.6209 rob=0.8380
higgs_w512_d5_s100 eps=0.105: acc=0.7065 vra=0.6163 rob=0.8299
higgs_w512_d5_s100 eps=0.11: acc=0.7065 vra=0.6118 rob=0.8218
higgs_w512_d5_s100 eps=0.115: acc=0.7065 vra=0.6071 rob=0.8137
higgs_w512_d5_s100 eps=0.12: acc=0.7065 vra=0.6024 rob=0.8056
higgs_w512_d5_s100 eps=0.13: acc=0.7065 vra=0.5930 rob=0.7897
higgs_w512_d5_s100 eps=0.15: acc=0.7065 vra=0.5738 rob=0.7572
higgs_w512_d5_s100 eps=0.175: acc=0.7065 vra=0.5496 rob=0.7172
higgs_w512_d5_s100 eps=0.2: acc=0.7065 vra=0.5251 rob=0.6775
higgs_w512_d5_s100 eps=0.25: acc=0.7065 vra=0.4747 rob=0.5986
higgs_w512_d5_s100 eps=0.3: acc=0.7065 vra=0.4223 rob=0.5209
higgs_w512_d5_s20 eps=0.02: acc=0.7067 vra=0.6901 rob=0.9675
higgs_w512_d5_s20 eps=0.05: acc=0.7067 vra=0.6650 rob=0.9189
higgs_w512_d5_s20 eps=0.08: acc=0.7067 vra=0.6388 rob=0.8704
higgs_w512_d5_s20 eps=0.09: acc=0.7067 vra=0.6299 rob=0.8542
higgs_w512_d5_s20 eps=0.095: acc=0.7067 vra=0.6255 rob=0.8462
higgs_w512_d5_s20 eps=0.1: acc=0.7067 vra=0.6210 rob=0.8381
higgs_w512_d5_s20 eps=0.105: acc=0.7067 vra=0.6166 rob=0.8302
higgs_w512_d5_s20 eps=0.11: acc=0.7067 vra=0.6121 rob=0.8223
higgs_w512_d5_s20 eps=0.115: acc=0.7067 vra=0.6074 rob=0.8142
higgs_w512_d5_s20 eps=0.12: acc=0.7067 vra=0.6026 rob=0.8060
higgs_w512_d5_s20 eps=0.13: acc=0.7067 vra=0.5931 rob=0.7896
higgs_w512_d5_s20 eps=0.15: acc=0.7067 vra=0.5739 rob=0.7572
higgs_w512_d5_s20 eps=0.175: acc=0.7067 vra=0.5495 rob=0.7169
higgs_w512_d5_s20 eps=0.2: acc=0.7067 vra=0.5251 rob=0.6775
higgs_w512_d5_s20 eps=0.25: acc=0.7067 vra=0.4747 rob=0.5980
higgs_w512_d5_s20 eps=0.3: acc=0.7067 vra=0.4220 rob=0.5202
higgs_w512_d5_s30 eps=0.02: acc=0.7063 vra=0.6900 rob=0.9675
higgs_w512_d5_s30 eps=0.05: acc=0.7063 vra=0.6646 rob=0.9185
higgs_w512_d5_s30 eps=0.08: acc=0.7063 vra=0.6384 rob=0.8700
higgs_w512_d5_s30 eps=0.09: acc=0.7063 vra=0.6294 rob=0.8535
higgs_w512_d5_s30 eps=0.095: acc=0.7063 vra=0.6249 rob=0.8455
higgs_w512_d5_s30 eps=0.1: acc=0.7063 vra=0.6204 rob=0.8374
higgs_w512_d5_s30 eps=0.105: acc=0.7063 vra=0.6159 rob=0.8295
higgs_w512_d5_s30 eps=0.11: acc=0.7063 vra=0.6115 rob=0.8217
higgs_w512_d5_s30 eps=0.115: acc=0.7063 vra=0.6067 rob=0.8135
higgs_w512_d5_s30 eps=0.12: acc=0.7063 vra=0.6021 rob=0.8054
higgs_w512_d5_s30 eps=0.13: acc=0.7063 vra=0.5926 rob=0.7890
higgs_w512_d5_s30 eps=0.15: acc=0.7063 vra=0.5734 rob=0.7565
higgs_w512_d5_s30 eps=0.175: acc=0.7063 vra=0.5493 rob=0.7166
higgs_w512_d5_s30 eps=0.2: acc=0.7063 vra=0.5245 rob=0.6765
higgs_w512_d5_s30 eps=0.25: acc=0.7063 vra=0.4738 rob=0.5970
higgs_w512_d5_s30 eps=0.3: acc=0.7063 vra=0.4214 rob=0.5193
higgs_w512_d5_s40 eps=0.02: acc=0.7066 vra=0.6904 rob=0.9678
higgs_w512_d5_s40 eps=0.05: acc=0.7066 vra=0.6649 rob=0.9189
higgs_w512_d5_s40 eps=0.08: acc=0.7066 vra=0.6389 rob=0.8703
higgs_w512_d5_s40 eps=0.09: acc=0.7066 vra=0.6301 rob=0.8543
higgs_w512_d5_s40 eps=0.095: acc=0.7066 vra=0.6254 rob=0.8460
higgs_w512_d5_s40 eps=0.1: acc=0.7066 vra=0.6209 rob=0.8379
higgs_w512_d5_s40 eps=0.105: acc=0.7066 vra=0.6163 rob=0.8298
higgs_w512_d5_s40 eps=0.11: acc=0.7066 vra=0.6117 rob=0.8218
higgs_w512_d5_s40 eps=0.115: acc=0.7066 vra=0.6070 rob=0.8136
higgs_w512_d5_s40 eps=0.12: acc=0.7066 vra=0.6024 rob=0.8055
higgs_w512_d5_s40 eps=0.13: acc=0.7066 vra=0.5929 rob=0.7894
higgs_w512_d5_s40 eps=0.15: acc=0.7066 vra=0.5739 rob=0.7571
higgs_w512_d5_s40 eps=0.175: acc=0.7066 vra=0.5495 rob=0.7169
higgs_w512_d5_s40 eps=0.2: acc=0.7066 vra=0.5248 rob=0.6769
higgs_w512_d5_s40 eps=0.25: acc=0.7066 vra=0.4739 rob=0.5972
higgs_w512_d5_s40 eps=0.3: acc=0.7066 vra=0.4220 rob=0.5199
higgs_w512_d5_s50 eps=0.02: acc=0.7059 vra=0.6896 rob=0.9673
higgs_w512_d5_s50 eps=0.05: acc=0.7059 vra=0.6645 rob=0.9189
higgs_w512_d5_s50 eps=0.08: acc=0.7059 vra=0.6387 rob=0.8705
higgs_w512_d5_s50 eps=0.09: acc=0.7059 vra=0.6298 rob=0.8545
higgs_w512_d5_s50 eps=0.095: acc=0.7059 vra=0.6254 rob=0.8465
higgs_w512_d5_s50 eps=0.1: acc=0.7059 vra=0.6209 rob=0.8386
higgs_w512_d5_s50 eps=0.105: acc=0.7059 vra=0.6163 rob=0.8305
higgs_w512_d5_s50 eps=0.11: acc=0.7059 vra=0.6116 rob=0.8224
higgs_w512_d5_s50 eps=0.115: acc=0.7059 vra=0.6071 rob=0.8143
higgs_w512_d5_s50 eps=0.12: acc=0.7059 vra=0.6024 rob=0.8062
higgs_w512_d5_s50 eps=0.13: acc=0.7059 vra=0.5929 rob=0.7898
higgs_w512_d5_s50 eps=0.15: acc=0.7059 vra=0.5738 rob=0.7578
higgs_w512_d5_s50 eps=0.175: acc=0.7059 vra=0.5495 rob=0.7177
higgs_w512_d5_s50 eps=0.2: acc=0.7059 vra=0.5247 rob=0.6777
higgs_w512_d5_s50 eps=0.25: acc=0.7059 vra=0.4745 rob=0.5986
higgs_w512_d5_s50 eps=0.3: acc=0.7059 vra=0.4216 rob=0.5206
higgs_w512_d5_s60 eps=0.02: acc=0.7065 vra=0.6901 rob=0.9675
higgs_w512_d5_s60 eps=0.05: acc=0.7065 vra=0.6650 rob=0.9190
higgs_w512_d5_s60 eps=0.08: acc=0.7065 vra=0.6390 rob=0.8706
higgs_w512_d5_s60 eps=0.09: acc=0.7065 vra=0.6301 rob=0.8545
higgs_w512_d5_s60 eps=0.095: acc=0.7065 vra=0.6255 rob=0.8463
higgs_w512_d5_s60 eps=0.1: acc=0.7065 vra=0.6210 rob=0.8383
higgs_w512_d5_s60 eps=0.105: acc=0.7065 vra=0.6165 rob=0.8303
higgs_w512_d5_s60 eps=0.11: acc=0.7065 vra=0.6120 rob=0.8223
higgs_w512_d5_s60 eps=0.115: acc=0.7065 vra=0.6075 rob=0.8143
higgs_w512_d5_s60 eps=0.12: acc=0.7065 vra=0.6029 rob=0.8064
higgs_w512_d5_s60 eps=0.13: acc=0.7065 vra=0.5934 rob=0.7902
higgs_w512_d5_s60 eps=0.15: acc=0.7065 vra=0.5744 rob=0.7577
higgs_w512_d5_s60 eps=0.175: acc=0.7065 vra=0.5499 rob=0.7176
higgs_w512_d5_s60 eps=0.2: acc=0.7065 vra=0.5255 rob=0.6779
higgs_w512_d5_s60 eps=0.25: acc=0.7065 vra=0.4749 rob=0.5986
higgs_w512_d5_s60 eps=0.3: acc=0.7065 vra=0.4224 rob=0.5210
higgs_w512_d5_s70 eps=0.02: acc=0.7071 vra=0.6903 rob=0.9670
higgs_w512_d5_s70 eps=0.05: acc=0.7071 vra=0.6648 rob=0.9177
higgs_w512_d5_s70 eps=0.08: acc=0.7071 vra=0.6383 rob=0.8685
higgs_w512_d5_s70 eps=0.09: acc=0.7071 vra=0.6293 rob=0.8522
higgs_w512_d5_s70 eps=0.095: acc=0.7071 vra=0.6247 rob=0.8440
higgs_w512_d5_s70 eps=0.1: acc=0.7071 vra=0.6201 rob=0.8358
higgs_w512_d5_s70 eps=0.105: acc=0.7071 vra=0.6155 rob=0.8278
higgs_w512_d5_s70 eps=0.11: acc=0.7071 vra=0.6108 rob=0.8196
higgs_w512_d5_s70 eps=0.115: acc=0.7071 vra=0.6061 rob=0.8115
higgs_w512_d5_s70 eps=0.12: acc=0.7071 vra=0.6015 rob=0.8033
higgs_w512_d5_s70 eps=0.13: acc=0.7071 vra=0.5917 rob=0.7866
higgs_w512_d5_s70 eps=0.15: acc=0.7071 vra=0.5724 rob=0.7541
higgs_w512_d5_s70 eps=0.175: acc=0.7071 vra=0.5479 rob=0.7136
higgs_w512_d5_s70 eps=0.2: acc=0.7071 vra=0.5227 rob=0.6726
higgs_w512_d5_s70 eps=0.25: acc=0.7071 vra=0.4709 rob=0.5922
higgs_w512_d5_s70 eps=0.3: acc=0.7071 vra=0.4176 rob=0.5134
higgs_w512_d5_s80 eps=0.02: acc=0.7059 vra=0.6896 rob=0.9677
higgs_w512_d5_s80 eps=0.05: acc=0.7059 vra=0.6647 rob=0.9194
higgs_w512_d5_s80 eps=0.08: acc=0.7059 vra=0.6388 rob=0.8713
higgs_w512_d5_s80 eps=0.09: acc=0.7059 vra=0.6300 rob=0.8551
higgs_w512_d5_s80 eps=0.095: acc=0.7059 vra=0.6254 rob=0.8471
higgs_w512_d5_s80 eps=0.1: acc=0.7059 vra=0.6210 rob=0.8392
higgs_w512_d5_s80 eps=0.105: acc=0.7059 vra=0.6165 rob=0.8313
higgs_w512_d5_s80 eps=0.11: acc=0.7059 vra=0.6119 rob=0.8233
higgs_w512_d5_s80 eps=0.115: acc=0.7059 vra=0.6073 rob=0.8152
higgs_w512_d5_s80 eps=0.12: acc=0.7059 vra=0.6027 rob=0.8072
higgs_w512_d5_s80 eps=0.13: acc=0.7059 vra=0.5933 rob=0.7911
higgs_w512_d5_s80 eps=0.15: acc=0.7059 vra=0.5746 rob=0.7593
higgs_w512_d5_s80 eps=0.175: acc=0.7059 vra=0.5504 rob=0.7192
higgs_w512_d5_s80 eps=0.2: acc=0.7059 vra=0.5260 rob=0.6795
higgs_w512_d5_s80 eps=0.25: acc=0.7059 vra=0.4756 rob=0.6006
higgs_w512_d5_s80 eps=0.3: acc=0.7059 vra=0.4236 rob=0.5233
higgs_w512_d5_s90 eps=0.02: acc=0.7063 vra=0.6897 rob=0.9674
higgs_w512_d5_s90 eps=0.05: acc=0.7063 vra=0.6645 rob=0.9186
higgs_w512_d5_s90 eps=0.08: acc=0.7063 vra=0.6384 rob=0.8700
higgs_w512_d5_s90 eps=0.09: acc=0.7063 vra=0.6295 rob=0.8539
higgs_w512_d5_s90 eps=0.095: acc=0.7063 vra=0.6251 rob=0.8458
higgs_w512_d5_s90 eps=0.1: acc=0.7063 vra=0.6205 rob=0.8376
higgs_w512_d5_s90 eps=0.105: acc=0.7063 vra=0.6160 rob=0.8296
higgs_w512_d5_s90 eps=0.11: acc=0.7063 vra=0.6115 rob=0.8214
higgs_w512_d5_s90 eps=0.115: acc=0.7063 vra=0.6068 rob=0.8133
higgs_w512_d5_s90 eps=0.12: acc=0.7063 vra=0.6021 rob=0.8055
higgs_w512_d5_s90 eps=0.13: acc=0.7063 vra=0.5925 rob=0.7889
higgs_w512_d5_s90 eps=0.15: acc=0.7063 vra=0.5733 rob=0.7566
higgs_w512_d5_s90 eps=0.175: acc=0.7063 vra=0.5489 rob=0.7165
higgs_w512_d5_s90 eps=0.2: acc=0.7063 vra=0.5243 rob=0.6763
higgs_w512_d5_s90 eps=0.25: acc=0.7063 vra=0.4739 rob=0.5972
higgs_w512_d5_s90 eps=0.3: acc=0.7063 vra=0.4213 rob=0.5193
